// Jest Snapshot v1, https://goo.gl/fbAQLP

exports[`AlertCard Renders a card with a counter 1`] = `
.c0 {
  display: -webkit-box;
  display: -webkit-flex;
  display: -ms-flexbox;
  display: flex;
}

<div>
  <div
    class="c0"
  >
    React App
  </div>
  ;
</div>
`;
